  Γû▓ Next.js 14.2.35
  - Environments: .env.local

   Creating an optimized production build ...
 Γ£ô Compiled successfully
   Linting and checking validity of types ...
Failed to compile.

./app/page.tsx:103:32
Type error: Property 'external' does not exist on type '{ label: string; href: string; }'.

  101 |                   key={item.label}
  102 |                   href={item.href}
> 103 |                   target={item.external ? "_blank" : undefined}
      |                                ^
  104 |                   rel={item.external ? "noopener noreferrer" : undefined}
  105 |                   className="text-sm text-[#A1A1AA] hover:text-white transition-colors"
  106 |                 >
Next.js build worker exited with code: 1 and signal: null
